[caciitg.in/projects/data_viz.html]
[backblue.gif]
[fade.gif]
[index.html]
[cdnjs.cloudflare.com/ajax/libs/require.js/2.1.10/require.min.js]
[cdnjs.cloudflare.com/ajax/libs/jquery/2.0.3/jquery.min.js]
[cdnjs.cloudflare.com/ajax/libs/reveal.js/3.5.0/css/reveal.css]
[cdnjs.cloudflare.com/ajax/libs/reveal.js/3.5.0/css/theme/simple.css]
[cdnjs.cloudflare.com/ajax/libs/reveal.js/3.5.0/css/print/pdf.css]
[cdnjs.cloudflare.com/ajax/libs/mathjax/2.7.1/MathJax7b8b.js]
[cdnjs.cloudflare.com/ajax/libs/font-awesome/4.7.0/css/font-awesome.css]
[caciitg.in/projects/custom.8.delayed]
[image.slidesharecdn.com/dvup-140530160251-phpapp02/95/data-visualizations-using-python-1-638f2f0.jpg]
[o.quizlet.com/8UUywzzaMhY2ZGHrWE7VkA_b.png]
[scx1.b-cdn.net/csz/news/800/2019/columbiarese.jpg]
[us.123rf.com/450wm/alexgorka/alexgorka1902/alexgorka190200001/124839203-stock-vector-yay-vector-lettering-banner-vector-hand-drawn-illustration-9055.jpg]
[caciitg.in/projects/data_viz.html]
[cdnjs.cloudflare.com/ajax/libs/reveal.js/3.5.0/css/reveal.css]
[cdnjs.cloudflare.com/ajax/libs/reveal.js/3.5.0/css/theme/simple.css]
[cdnjs.cloudflare.com/ajax/libs/reveal.js/3.5.0/css/print/pdf.css]
[cdnjs.cloudflare.com/ajax/libs/font-awesome/4.7.0/css/font-awesome.css]
[caciitg.in/projects/custom.html]
[cdnjs.cloudflare.com/ajax/libs/reveal.js/3.5.0/js/reveal.js]
